17:23:35 **** Incremental Build of configuration Debug for project asdf ****
make all 
'Building file: ../src/helloworld.c'
'Invoking: MicroBlaze gcc compiler'
mb-gcc -Wall -O0 -g3 -c -fmessage-length=0 -MT"src/helloworld.o" -IC:/fpga_harman/250522_I2C_MASTER_MICROBLAZE/vitis2/AXI4_LITE_I2C_PERIPH_wrapper/export/AXI4_LITE_I2C_PERIPH_wrapper/sw/AXI4_LITE_I2C_PERIPH_wrapper/standalone_microblaze_0/bspinclude/include -mlittle-endian -mcpu=v11.0 -mxl-soft-mul -Wl,--no-relax -ffunction-sections -fdata-sections -MMD -MP -MF"src/helloworld.d" -MT"src/helloworld.o" -o "src/helloworld.o" "../src/helloworld.c"
'Finished building: ../src/helloworld.c'
' '
'Building target: asdf.elf'
'Invoking: MicroBlaze gcc linker'
mb-gcc -Wl,-T -Wl,../src/lscript.ld -LC:/fpga_harman/250522_I2C_MASTER_MICROBLAZE/vitis2/AXI4_LITE_I2C_PERIPH_wrapper/export/AXI4_LITE_I2C_PERIPH_wrapper/sw/AXI4_LITE_I2C_PERIPH_wrapper/standalone_microblaze_0/bsplib/lib -mlittle-endian -mcpu=v11.0 -mxl-soft-mul -Wl,--no-relax -Wl,--gc-sections -o "asdf.elf"  ./src/helloworld.o ./src/platform.o   -Wl,--start-group,-lxil,-lgcc,-lc,--end-group
'Finished building target: asdf.elf'
' '
'Invoking: MicroBlaze Print Size'
mb-size asdf.elf  |tee "asdf.elf.size"
   text	   data	    bss	    dec	    hex	filename
   7856	    268	   3108	  11232	   2be0	asdf.elf
'Finished building: asdf.elf.size'
' '

17:23:39 Build Finished (took 3s.394ms)

