Copyright 1986-2020 Xilinx, Inc. All Rights Reserved.
---------------------------------------------------------------------------------------------------------
| Tool Version : Vivado v.2020.2 (win64) Build 3064766 Wed Nov 18 09:12:45 MST 2020
| Date         : Fri May 23 16:15:35 2025
| Host         : DESKTOP-7CFQ9ND running 64-bit major release  (build 9200)
| Command      : report_control_sets -verbose -file AXI4_LITE_I2C_PERIPH_wrapper_control_sets_placed.rpt
| Design       : AXI4_LITE_I2C_PERIPH_wrapper
| Device       : xc7a35t
---------------------------------------------------------------------------------------------------------

Control Set Information

Table of Contents
-----------------
1. Summary
2. Histogram
3. Flip-Flop Distribution
4. Detailed Control Set Information

1. Summary
----------

+----------------------------------------------------------+-------+
|                          Status                          | Count |
+----------------------------------------------------------+-------+
| Total control sets                                       |   101 |
|    Minimum number of control sets                        |   101 |
|    Addition due to synthesis replication                 |     0 |
|    Addition due to physical synthesis replication        |     0 |
| Unused register locations in slices containing registers |   230 |
+----------------------------------------------------------+-------+
* Control sets can be merged at opt_design using control_set_merge or merge_equivalent_drivers
** Run report_qor_suggestions for automated merging and remapping suggestions


2. Histogram
------------

+--------------------+-------+
|       Fanout       | Count |
+--------------------+-------+
| Total control sets |   101 |
| >= 0 to < 4        |    11 |
| >= 4 to < 6        |    16 |
| >= 6 to < 8        |     9 |
| >= 8 to < 10       |    31 |
| >= 10 to < 12      |     2 |
| >= 12 to < 14      |     1 |
| >= 14 to < 16      |     3 |
| >= 16              |    28 |
+--------------------+-------+
* Control sets can be remapped at either synth_design or opt_design


3. Flip-Flop Distribution
-------------------------

+--------------+-----------------------+------------------------+-----------------+--------------+
| Clock Enable | Synchronous Set/Reset | Asynchronous Set/Reset | Total Registers | Total Slices |
+--------------+-----------------------+------------------------+-----------------+--------------+
| No           | No                    | No                     |             208 |           72 |
| No           | No                    | Yes                    |              37 |           12 |
| No           | Yes                   | No                     |             302 |          124 |
| Yes          | No                    | No                     |             217 |           56 |
| Yes          | No                    | Yes                    |              88 |           35 |
| Yes          | Yes                   | No                     |             846 |          256 |
+--------------+-----------------------+------------------------+-----------------+--------------+


4. Detailed Control Set Information
-----------------------------------

+------------------------------------------------------------------------+------------------------------------------------------------------------------------------------------------------------------------------------------------------------------------------------------------------------+------------------------------------------------------------------------------------------------------------------------------------------------------------+------------------+----------------+--------------+
|                              Clock Signal                              |                                                                                                      Enable Signal                                                                                                     |                                                                      Set/Reset Signal                                                                      | Slice Load Count | Bel Load Count | Bels / Slice |
+------------------------------------------------------------------------+------------------------------------------------------------------------------------------------------------------------------------------------------------------------------------------------------------------------+------------------------------------------------------------------------------------------------------------------------------------------------------------+------------------+----------------+--------------+
|  AXI4_LITE_I2C_PERIPH_i/mdm_1/U0/No_Dbg_Reg_Access.BUFG_DRCK/Dbg_Clk_0 | AXI4_LITE_I2C_PERIPH_i/mdm_1/U0/Use_E2.BSCAN_I/Use_BSCAN.PORT_Selector_reg[0]                                                                                                                                          | AXI4_LITE_I2C_PERIPH_i/mdm_1/U0/MDM_Core_I1/JTAG_CONTROL_I/Functional_Reset                                                                                |                1 |              1 |         1.00 |
|  AXI4_LITE_I2C_PERIPH_i/clk_wiz_1/inst/clk_out1                        |                                                                                                                                                                                                                        | AXI4_LITE_I2C_PERIPH_i/microblaze_0/U0/MicroBlaze_Core_I/Performance.Core/Use_Debug_Logic.Master_Core.Debug_Perf/capture_1                                 |                1 |              1 |         1.00 |
|  AXI4_LITE_I2C_PERIPH_i/clk_wiz_1/inst/clk_out1                        | AXI4_LITE_I2C_PERIPH_i/AXI4_LITE_I2C_PERIPH_0/inst/U_I2C_Master/scl_i_1_n_0                                                                                                                                            | AXI4_LITE_I2C_PERIPH_i/AXI4_LITE_I2C_PERIPH_0/inst/AXI4_LITE_I2C_PERIPH_v1_0_S00_AXI_inst/AR[0]                                                            |                1 |              1 |         1.00 |
| ~AXI4_LITE_I2C_PERIPH_i/mdm_1/U0/No_Dbg_Reg_Access.BUFG_DRCK/Dbg_Clk_0 | AXI4_LITE_I2C_PERIPH_i/mdm_1/U0/MDM_Core_I1/JTAG_CONTROL_I/Use_BSCAN.FDC_I/CE                                                                                                                                          | AXI4_LITE_I2C_PERIPH_i/mdm_1/U0/MDM_Core_I1/JTAG_CONTROL_I/Use_BSCAN.FDC_I/D                                                                               |                1 |              1 |         1.00 |
|  AXI4_LITE_I2C_PERIPH_i/mdm_1/U0/Use_E2.BSCAN_I/Dbg_Update_0_BUFG      | AXI4_LITE_I2C_PERIPH_i/microblaze_0/U0/MicroBlaze_Core_I/Performance.Core/Use_Debug_Logic.Master_Core.Debug_Perf/Control_Reg_En                                                                                        | AXI4_LITE_I2C_PERIPH_i/microblaze_0/U0/MicroBlaze_Core_I/Performance.Core/Use_Debug_Logic.Master_Core.Debug_Perf/Serial_Dbg_Intf.continue_from_brk_reg_n_0 |                1 |              1 |         1.00 |
|  AXI4_LITE_I2C_PERIPH_i/mdm_1/U0/Use_E2.BSCAN_I/Dbg_Update_0_BUFG      | AXI4_LITE_I2C_PERIPH_i/microblaze_0/U0/MicroBlaze_Core_I/Performance.Core/Use_Debug_Logic.Master_Core.Debug_Perf/Control_Reg_En                                                                                        | AXI4_LITE_I2C_PERIPH_i/microblaze_0/U0/MicroBlaze_Core_I/Performance.Core/Use_Debug_Logic.Master_Core.Debug_Perf/Serial_Dbg_Intf.force_stop_cmd_i_reg_0    |                1 |              1 |         1.00 |
|  AXI4_LITE_I2C_PERIPH_i/mdm_1/U0/Use_E2.BSCAN_I/Dbg_Update_0_BUFG      | AXI4_LITE_I2C_PERIPH_i/microblaze_0/U0/MicroBlaze_Core_I/Performance.Core/Use_Debug_Logic.Master_Core.Debug_Perf/Control_Reg_En                                                                                        | AXI4_LITE_I2C_PERIPH_i/microblaze_0/U0/MicroBlaze_Core_I/Performance.Core/Use_Debug_Logic.Master_Core.Debug_Perf/Serial_Dbg_Intf.normal_stop_cmd_i_reg_n_0 |                1 |              1 |         1.00 |
|  AXI4_LITE_I2C_PERIPH_i/mdm_1/U0/Use_E2.BSCAN_I/Dbg_Update_0_BUFG      | AXI4_LITE_I2C_PERIPH_i/microblaze_0/U0/MicroBlaze_Core_I/Performance.Core/Use_Debug_Logic.Master_Core.Debug_Perf/Control_Reg_En                                                                                        | AXI4_LITE_I2C_PERIPH_i/microblaze_0/U0/MicroBlaze_Core_I/Performance.Core/Use_Debug_Logic.Master_Core.Debug_Perf/start_single_step_reg_n_0                 |                1 |              1 |         1.00 |
| ~AXI4_LITE_I2C_PERIPH_i/mdm_1/U0/Use_E2.BSCAN_I/Dbg_Update_0_BUFG      |                                                                                                                                                                                                                        | AXI4_LITE_I2C_PERIPH_i/mdm_1/U0/MDM_Core_I1/JTAG_CONTROL_I/sel_n                                                                                           |                1 |              1 |         1.00 |
|  AXI4_LITE_I2C_PERIPH_i/mdm_1/U0/Use_E2.BSCAN_I/Dbg_Update_0_BUFG      | AXI4_LITE_I2C_PERIPH_i/microblaze_0/U0/MicroBlaze_Core_I/Performance.Core/Use_Debug_Logic.Master_Core.Debug_Perf/Command_Reg_En                                                                                        | AXI4_LITE_I2C_PERIPH_i/microblaze_0/U0/MicroBlaze_Core_I/Performance.Core/Use_Debug_Logic.Master_Core.Debug_Perf/command_reg_clear                         |                1 |              2 |         2.00 |
|  AXI4_LITE_I2C_PERIPH_i/mdm_1/U0/Use_E2.BSCAN_I/Dbg_Update_0_BUFG      |                                                                                                                                                                                                                        |                                                                                                                                                            |                3 |              3 |         1.00 |
| ~AXI4_LITE_I2C_PERIPH_i/mdm_1/U0/Use_E2.BSCAN_I/Dbg_Update_0_BUFG      |                                                                                                                                                                                                                        | AXI4_LITE_I2C_PERIPH_i/mdm_1/U0/Use_E2.BSCAN_I/AR[0]                                                                                                       |                1 |              4 |         4.00 |
|  AXI4_LITE_I2C_PERIPH_i/mdm_1/U0/Use_E2.BSCAN_I/Dbg_Update_0_BUFG      | AXI4_LITE_I2C_PERIPH_i/mdm_1/U0/MDM_Core_I1/MDM_SEL                                                                                                                                                                    | AXI4_LITE_I2C_PERIPH_i/mdm_1/U0/Use_E2.BSCAN_I/AR[0]                                                                                                       |                1 |              4 |         4.00 |
|  AXI4_LITE_I2C_PERIPH_i/clk_wiz_1/inst/clk_out1                        | AXI4_LITE_I2C_PERIPH_i/axi_uartlite_0/U0/UARTLITE_CORE_I/BAUD_RATE_I/en_16x_Baud                                                                                                                                       |                                                                                                                                                            |                1 |              4 |         4.00 |
|  AXI4_LITE_I2C_PERIPH_i/clk_wiz_1/inst/clk_out1                        | AXI4_LITE_I2C_PERIPH_i/axi_gpio_0/U0/AXI_LITE_IPIF_I/I_SLAVE_ATTACHMENT/bus2ip_addr_i[8]_i_1_n_0                                                                                                                       | AXI4_LITE_I2C_PERIPH_i/axi_gpio_0/U0/AXI_LITE_IPIF_I/I_SLAVE_ATTACHMENT/SR[0]                                                                              |                1 |              4 |         4.00 |
|  AXI4_LITE_I2C_PERIPH_i/clk_wiz_1/inst/clk_out1                        |                                                                                                                                                                                                                        | AXI4_LITE_I2C_PERIPH_i/axi_gpio_0/U0/AXI_LITE_IPIF_I/I_SLAVE_ATTACHMENT/I_DECODER/bus2ip_rnw_i_reg                                                         |                1 |              4 |         4.00 |
|  AXI4_LITE_I2C_PERIPH_i/clk_wiz_1/inst/clk_out1                        |                                                                                                                                                                                                                        | AXI4_LITE_I2C_PERIPH_i/axi_gpio_0/U0/AXI_LITE_IPIF_I/I_SLAVE_ATTACHMENT/clear                                                                              |                1 |              4 |         4.00 |
|  AXI4_LITE_I2C_PERIPH_i/mdm_1/U0/No_Dbg_Reg_Access.BUFG_DRCK/Dbg_Clk_0 | AXI4_LITE_I2C_PERIPH_i/mdm_1/U0/MDM_Core_I1/TDI_Shifter0                                                                                                                                                               | AXI4_LITE_I2C_PERIPH_i/mdm_1/U0/Use_E2.BSCAN_I/AR[0]                                                                                                       |                2 |              4 |         2.00 |
|  AXI4_LITE_I2C_PERIPH_i/clk_wiz_1/inst/clk_out1                        | AXI4_LITE_I2C_PERIPH_i/axi_uartlite_0/U0/AXI_LITE_IPIF_I/I_SLAVE_ATTACHMENT/start2                                                                                                                                     | AXI4_LITE_I2C_PERIPH_i/axi_uartlite_0/U0/AXI_LITE_IPIF_I/I_SLAVE_ATTACHMENT/I_DECODER/cs_ce_clr                                                            |                2 |              4 |         2.00 |
|  AXI4_LITE_I2C_PERIPH_i/clk_wiz_1/inst/clk_out1                        | AXI4_LITE_I2C_PERIPH_i/axi_gpio_0/U0/AXI_LITE_IPIF_I/I_SLAVE_ATTACHMENT/start2                                                                                                                                         | AXI4_LITE_I2C_PERIPH_i/axi_gpio_0/U0/AXI_LITE_IPIF_I/I_SLAVE_ATTACHMENT/I_DECODER/cs_ce_clr                                                                |                1 |              4 |         4.00 |
|  AXI4_LITE_I2C_PERIPH_i/clk_wiz_1/inst/clk_out1                        | AXI4_LITE_I2C_PERIPH_i/AXI4_LITE_I2C_PERIPH_0/inst/U_I2C_Master/bit_cnt_reg[3]_i_1_n_0                                                                                                                                 | AXI4_LITE_I2C_PERIPH_i/AXI4_LITE_I2C_PERIPH_0/inst/AXI4_LITE_I2C_PERIPH_v1_0_S00_AXI_inst/AR[0]                                                            |                2 |              4 |         2.00 |
|  AXI4_LITE_I2C_PERIPH_i/clk_wiz_1/inst/clk_out1                        |                                                                                                                                                                                                                        | AXI4_LITE_I2C_PERIPH_i/rst_clk_wiz_1_100M/U0/bus_struct_reset[0]                                                                                           |                1 |              4 |         4.00 |
|  AXI4_LITE_I2C_PERIPH_i/clk_wiz_1/inst/clk_out1                        | AXI4_LITE_I2C_PERIPH_i/axi_gpio_0/U0/AXI_LITE_IPIF_I/I_SLAVE_ATTACHMENT/I_DECODER/E[0]                                                                                                                                 | AXI4_LITE_I2C_PERIPH_i/axi_gpio_0/U0/AXI_LITE_IPIF_I/I_SLAVE_ATTACHMENT/SR[0]                                                                              |                1 |              4 |         4.00 |
|  AXI4_LITE_I2C_PERIPH_i/mdm_1/U0/Use_E2.BSCAN_I/Dbg_Update_0_BUFG      | AXI4_LITE_I2C_PERIPH_i/microblaze_0/U0/MicroBlaze_Core_I/Performance.Core/Use_Debug_Logic.Master_Core.Debug_Perf/Control_Reg_En                                                                                        |                                                                                                                                                            |                1 |              4 |         4.00 |
|  AXI4_LITE_I2C_PERIPH_i/clk_wiz_1/inst/clk_out1                        | AXI4_LITE_I2C_PERIPH_i/axi_gpio_0/U0/AXI_LITE_IPIF_I/I_SLAVE_ATTACHMENT/s_axi_rresp_i                                                                                                                                  | AXI4_LITE_I2C_PERIPH_i/axi_gpio_0/U0/AXI_LITE_IPIF_I/I_SLAVE_ATTACHMENT/SR[0]                                                                              |                2 |              5 |         2.50 |
|  AXI4_LITE_I2C_PERIPH_i/clk_wiz_1/inst/clk_out1                        | AXI4_LITE_I2C_PERIPH_i/microblaze_0/U0/MicroBlaze_Core_I/Performance.Core/Decode_I/wb_Halted                                                                                                                           | AXI4_LITE_I2C_PERIPH_i/microblaze_0/U0/MicroBlaze_Core_I/sync_reset                                                                                        |                2 |              5 |         2.50 |
|  AXI4_LITE_I2C_PERIPH_i/clk_wiz_1/inst/clk_out1                        |                                                                                                                                                                                                                        | AXI4_LITE_I2C_PERIPH_i/rst_clk_wiz_1_100M/U0/EXT_LPF/lpf_int                                                                                               |                1 |              5 |         5.00 |
|  AXI4_LITE_I2C_PERIPH_i/mdm_1/U0/No_Dbg_Reg_Access.BUFG_DRCK/Dbg_Clk_0 | AXI4_LITE_I2C_PERIPH_i/mdm_1/U0/Use_E2.BSCAN_I/sel                                                                                                                                                                     |                                                                                                                                                            |                3 |              6 |         2.00 |
|  AXI4_LITE_I2C_PERIPH_i/clk_wiz_1/inst/clk_out1                        | AXI4_LITE_I2C_PERIPH_i/axi4_lite_spi_master_0/inst/U_SPI/sclk_counter_next                                                                                                                                             | AXI4_LITE_I2C_PERIPH_i/axi4_lite_spi_master_0/inst/axi_spi_v1_0_S00_AXI_inst/SR[0]                                                                         |                2 |              6 |         3.00 |
|  AXI4_LITE_I2C_PERIPH_i/mdm_1/U0/No_Dbg_Reg_Access.BUFG_DRCK/Dbg_Clk_0 | AXI4_LITE_I2C_PERIPH_i/mdm_1/U0/MDM_Core_I1/JTAG_CONTROL_I/Use_BSCAN.FDC_I/sample_1                                                                                                                                    |                                                                                                                                                            |                1 |              6 |         6.00 |
|  AXI4_LITE_I2C_PERIPH_i/clk_wiz_1/inst/clk_out1                        | AXI4_LITE_I2C_PERIPH_i/rst_clk_wiz_1_100M/U0/SEQ/seq_cnt_en                                                                                                                                                            | AXI4_LITE_I2C_PERIPH_i/rst_clk_wiz_1_100M/U0/SEQ/SEQ_COUNTER/clear                                                                                         |                1 |              6 |         6.00 |
|  AXI4_LITE_I2C_PERIPH_i/clk_wiz_1/inst/clk_out1                        |                                                                                                                                                                                                                        | AXI4_LITE_I2C_PERIPH_i/axi_uartlite_0/U0/UARTLITE_CORE_I/UARTLITE_RX_I/SRL_FIFO_I/I_SRL_FIFO_RBU_F/CNTR_INCR_DECR_ADDN_F_I/SS[0]                           |                3 |              6 |         2.00 |
|  AXI4_LITE_I2C_PERIPH_i/clk_wiz_1/inst/clk_out1                        |                                                                                                                                                                                                                        | AXI4_LITE_I2C_PERIPH_i/axi_uartlite_0/U0/UARTLITE_CORE_I/UARTLITE_TX_I/SRL_FIFO_I/I_SRL_FIFO_RBU_F/CNTR_INCR_DECR_ADDN_F_I/SS[0]                           |                2 |              6 |         3.00 |
|  AXI4_LITE_I2C_PERIPH_i/mdm_1/U0/No_Dbg_Reg_Access.BUFG_DRCK/Dbg_Clk_0 | AXI4_LITE_I2C_PERIPH_i/mdm_1/U0/Use_E2.BSCAN_I/Use_BSCAN.command_reg[6]                                                                                                                                                |                                                                                                                                                            |                1 |              6 |         6.00 |
|  AXI4_LITE_I2C_PERIPH_i/clk_wiz_1/inst/clk_out1                        | AXI4_LITE_I2C_PERIPH_i/axi_uartlite_0/U0/UARTLITE_CORE_I/BAUD_RATE_I/en_16x_Baud                                                                                                                                       | AXI4_LITE_I2C_PERIPH_i/axi_uartlite_0/U0/UARTLITE_CORE_I/UARTLITE_RX_I/SERIAL_TO_PARALLEL[8].fifo_din[8]_i_1_n_0                                           |                1 |              7 |         7.00 |
|  AXI4_LITE_I2C_PERIPH_i/clk_wiz_1/inst/clk_out1                        | AXI4_LITE_I2C_PERIPH_i/AXI4_LITE_I2C_PERIPH_0/inst/U_I2C_Master/tx_data_reg[6]_i_1_n_0                                                                                                                                 | AXI4_LITE_I2C_PERIPH_i/AXI4_LITE_I2C_PERIPH_0/inst/AXI4_LITE_I2C_PERIPH_v1_0_S00_AXI_inst/AR[0]                                                            |                3 |              7 |         2.33 |
|  AXI4_LITE_I2C_PERIPH_i/clk_wiz_1/inst/clk_out1                        | AXI4_LITE_I2C_PERIPH_i/axi4_lite_spi_master_0/inst/axi_spi_v1_0_S00_AXI_inst/p_1_in[16]                                                                                                                                | AXI4_LITE_I2C_PERIPH_i/axi4_lite_spi_master_0/inst/axi_spi_v1_0_S00_AXI_inst/SR[0]                                                                         |                1 |              8 |         8.00 |
|  AXI4_LITE_I2C_PERIPH_i/clk_wiz_1/inst/clk_out1                        | AXI4_LITE_I2C_PERIPH_i/axi4_lite_spi_master_0/inst/axi_spi_v1_0_S00_AXI_inst/p_1_in[31]                                                                                                                                | AXI4_LITE_I2C_PERIPH_i/axi4_lite_spi_master_0/inst/axi_spi_v1_0_S00_AXI_inst/SR[0]                                                                         |                2 |              8 |         4.00 |
|  AXI4_LITE_I2C_PERIPH_i/clk_wiz_1/inst/clk_out1                        | AXI4_LITE_I2C_PERIPH_i/AXI4_LITE_I2C_PERIPH_0/inst/AXI4_LITE_I2C_PERIPH_v1_0_S00_AXI_inst/slv_reg2[23]_i_1_n_0                                                                                                         | AXI4_LITE_I2C_PERIPH_i/AXI4_LITE_I2C_PERIPH_0/inst/AXI4_LITE_I2C_PERIPH_v1_0_S00_AXI_inst/AR[0]                                                            |                2 |              8 |         4.00 |
|  AXI4_LITE_I2C_PERIPH_i/clk_wiz_1/inst/clk_out1                        | AXI4_LITE_I2C_PERIPH_i/AXI4_LITE_I2C_PERIPH_0/inst/AXI4_LITE_I2C_PERIPH_v1_0_S00_AXI_inst/slv_reg2[7]_i_1_n_0                                                                                                          | AXI4_LITE_I2C_PERIPH_i/AXI4_LITE_I2C_PERIPH_0/inst/AXI4_LITE_I2C_PERIPH_v1_0_S00_AXI_inst/AR[0]                                                            |                2 |              8 |         4.00 |
|  AXI4_LITE_I2C_PERIPH_i/clk_wiz_1/inst/clk_out1                        | AXI4_LITE_I2C_PERIPH_i/AXI4_LITE_I2C_PERIPH_0/inst/AXI4_LITE_I2C_PERIPH_v1_0_S00_AXI_inst/slv_reg2[15]_i_1_n_0                                                                                                         | AXI4_LITE_I2C_PERIPH_i/AXI4_LITE_I2C_PERIPH_0/inst/AXI4_LITE_I2C_PERIPH_v1_0_S00_AXI_inst/AR[0]                                                            |                1 |              8 |         8.00 |
|  AXI4_LITE_I2C_PERIPH_i/clk_wiz_1/inst/clk_out1                        | AXI4_LITE_I2C_PERIPH_i/AXI4_LITE_I2C_PERIPH_0/inst/AXI4_LITE_I2C_PERIPH_v1_0_S00_AXI_inst/slv_reg2[31]_i_1_n_0                                                                                                         | AXI4_LITE_I2C_PERIPH_i/AXI4_LITE_I2C_PERIPH_0/inst/AXI4_LITE_I2C_PERIPH_v1_0_S00_AXI_inst/AR[0]                                                            |                1 |              8 |         8.00 |
|  AXI4_LITE_I2C_PERIPH_i/clk_wiz_1/inst/clk_out1                        | AXI4_LITE_I2C_PERIPH_i/AXI4_LITE_I2C_PERIPH_0/inst/AXI4_LITE_I2C_PERIPH_v1_0_S00_AXI_inst/slv_reg3[15]_i_1_n_0                                                                                                         | AXI4_LITE_I2C_PERIPH_i/AXI4_LITE_I2C_PERIPH_0/inst/AXI4_LITE_I2C_PERIPH_v1_0_S00_AXI_inst/AR[0]                                                            |                1 |              8 |         8.00 |
|  AXI4_LITE_I2C_PERIPH_i/clk_wiz_1/inst/clk_out1                        | AXI4_LITE_I2C_PERIPH_i/AXI4_LITE_I2C_PERIPH_0/inst/AXI4_LITE_I2C_PERIPH_v1_0_S00_AXI_inst/slv_reg3[23]_i_1_n_0                                                                                                         | AXI4_LITE_I2C_PERIPH_i/AXI4_LITE_I2C_PERIPH_0/inst/AXI4_LITE_I2C_PERIPH_v1_0_S00_AXI_inst/AR[0]                                                            |                3 |              8 |         2.67 |
|  AXI4_LITE_I2C_PERIPH_i/clk_wiz_1/inst/clk_out1                        | AXI4_LITE_I2C_PERIPH_i/AXI4_LITE_I2C_PERIPH_0/inst/AXI4_LITE_I2C_PERIPH_v1_0_S00_AXI_inst/slv_reg3[7]_i_1_n_0                                                                                                          | AXI4_LITE_I2C_PERIPH_i/AXI4_LITE_I2C_PERIPH_0/inst/AXI4_LITE_I2C_PERIPH_v1_0_S00_AXI_inst/AR[0]                                                            |                2 |              8 |         4.00 |
|  AXI4_LITE_I2C_PERIPH_i/clk_wiz_1/inst/clk_out1                        | AXI4_LITE_I2C_PERIPH_i/AXI4_LITE_I2C_PERIPH_0/inst/AXI4_LITE_I2C_PERIPH_v1_0_S00_AXI_inst/slv_reg3[31]_i_1_n_0                                                                                                         | AXI4_LITE_I2C_PERIPH_i/AXI4_LITE_I2C_PERIPH_0/inst/AXI4_LITE_I2C_PERIPH_v1_0_S00_AXI_inst/AR[0]                                                            |                1 |              8 |         8.00 |
|  AXI4_LITE_I2C_PERIPH_i/clk_wiz_1/inst/clk_out1                        | AXI4_LITE_I2C_PERIPH_i/AXI4_LITE_I2C_PERIPH_0/inst/AXI4_LITE_I2C_PERIPH_v1_0_S00_AXI_inst/p_1_in[16]                                                                                                                   | AXI4_LITE_I2C_PERIPH_i/AXI4_LITE_I2C_PERIPH_0/inst/AXI4_LITE_I2C_PERIPH_v1_0_S00_AXI_inst/AR[0]                                                            |                1 |              8 |         8.00 |
|  AXI4_LITE_I2C_PERIPH_i/clk_wiz_1/inst/clk_out1                        | AXI4_LITE_I2C_PERIPH_i/AXI4_LITE_I2C_PERIPH_0/inst/AXI4_LITE_I2C_PERIPH_v1_0_S00_AXI_inst/p_1_in[8]                                                                                                                    | AXI4_LITE_I2C_PERIPH_i/AXI4_LITE_I2C_PERIPH_0/inst/AXI4_LITE_I2C_PERIPH_v1_0_S00_AXI_inst/AR[0]                                                            |                2 |              8 |         4.00 |
|  AXI4_LITE_I2C_PERIPH_i/clk_wiz_1/inst/clk_out1                        | AXI4_LITE_I2C_PERIPH_i/AXI4_LITE_I2C_PERIPH_0/inst/AXI4_LITE_I2C_PERIPH_v1_0_S00_AXI_inst/p_1_in[7]                                                                                                                    | AXI4_LITE_I2C_PERIPH_i/AXI4_LITE_I2C_PERIPH_0/inst/AXI4_LITE_I2C_PERIPH_v1_0_S00_AXI_inst/AR[0]                                                            |                1 |              8 |         8.00 |
|  AXI4_LITE_I2C_PERIPH_i/clk_wiz_1/inst/clk_out1                        | AXI4_LITE_I2C_PERIPH_i/AXI4_LITE_I2C_PERIPH_0/inst/U_I2C_Master/rx_data_reg[7]_i_1_n_0                                                                                                                                 | AXI4_LITE_I2C_PERIPH_i/AXI4_LITE_I2C_PERIPH_0/inst/AXI4_LITE_I2C_PERIPH_v1_0_S00_AXI_inst/AR[0]                                                            |                3 |              8 |         2.67 |
| ~AXI4_LITE_I2C_PERIPH_i/mdm_1/U0/Use_E2.BSCAN_I/Dbg_Update_0_BUFG      | AXI4_LITE_I2C_PERIPH_i/mdm_1/U0/MDM_Core_I1/JTAG_CONTROL_I/Use_BSCAN.command[0]_i_1_n_0                                                                                                                                |                                                                                                                                                            |                2 |              8 |         4.00 |
|  AXI4_LITE_I2C_PERIPH_i/clk_wiz_1/inst/clk_out1                        | AXI4_LITE_I2C_PERIPH_i/axi_uartlite_0/U0/AXI_LITE_IPIF_I/I_SLAVE_ATTACHMENT/I_DECODER/fifo_wr                                                                                                                          |                                                                                                                                                            |                1 |              8 |         8.00 |
|  AXI4_LITE_I2C_PERIPH_i/clk_wiz_1/inst/clk_out1                        | AXI4_LITE_I2C_PERIPH_i/axi_uartlite_0/U0/AXI_LITE_IPIF_I/I_SLAVE_ATTACHMENT/s_axi_rresp_i                                                                                                                              | AXI4_LITE_I2C_PERIPH_i/axi_uartlite_0/U0/AXI_LITE_IPIF_I/I_SLAVE_ATTACHMENT/rst                                                                            |                2 |              8 |         4.00 |
|  AXI4_LITE_I2C_PERIPH_i/clk_wiz_1/inst/clk_out1                        | AXI4_LITE_I2C_PERIPH_i/axi_uartlite_0/U0/UARTLITE_CORE_I/UARTLITE_RX_I/SRL_FIFO_I/I_SRL_FIFO_RBU_F/DYNSHREG_F_I/fifo_wr                                                                                                |                                                                                                                                                            |                1 |              8 |         8.00 |
|  AXI4_LITE_I2C_PERIPH_i/mdm_1/U0/No_Dbg_Reg_Access.BUFG_DRCK/Dbg_Clk_0 | AXI4_LITE_I2C_PERIPH_i/microblaze_0/U0/MicroBlaze_Core_I/Performance.Core/Use_Debug_Logic.Master_Core.Debug_Perf/Using_PC_Breakpoints.All_PC_Brks[0].Serial_Interface_1.address_hit_I/Compare[0].SRLC16E_I/which_pc__0 |                                                                                                                                                            |                7 |              8 |         1.14 |
|  AXI4_LITE_I2C_PERIPH_i/mdm_1/U0/No_Dbg_Reg_Access.BUFG_DRCK/Dbg_Clk_0 | AXI4_LITE_I2C_PERIPH_i/mdm_1/U0/MDM_Core_I1/JTAG_CONTROL_I/tdi_shifter0                                                                                                                                                |                                                                                                                                                            |                2 |              8 |         4.00 |
|  AXI4_LITE_I2C_PERIPH_i/mdm_1/U0/Use_E2.BSCAN_I/Dbg_Update_0_BUFG      | AXI4_LITE_I2C_PERIPH_i/mdm_1/U0/MDM_Core_I1/JTAG_CONTROL_I/Use_BSCAN.FDC_I/command_10                                                                                                                                  |                                                                                                                                                            |                2 |              8 |         4.00 |
|  AXI4_LITE_I2C_PERIPH_i/clk_wiz_1/inst/clk_out1                        | AXI4_LITE_I2C_PERIPH_i/axi4_lite_spi_master_0/inst/axi_spi_v1_0_S00_AXI_inst/p_1_in[2]                                                                                                                                 | AXI4_LITE_I2C_PERIPH_i/axi4_lite_spi_master_0/inst/axi_spi_v1_0_S00_AXI_inst/SR[0]                                                                         |                1 |              8 |         8.00 |
|  AXI4_LITE_I2C_PERIPH_i/clk_wiz_1/inst/clk_out1                        | AXI4_LITE_I2C_PERIPH_i/AXI4_LITE_I2C_PERIPH_0/inst/AXI4_LITE_I2C_PERIPH_v1_0_S00_AXI_inst/p_1_in[31]                                                                                                                   | AXI4_LITE_I2C_PERIPH_i/AXI4_LITE_I2C_PERIPH_0/inst/AXI4_LITE_I2C_PERIPH_v1_0_S00_AXI_inst/AR[0]                                                            |                2 |              8 |         4.00 |
|  AXI4_LITE_I2C_PERIPH_i/clk_wiz_1/inst/clk_out1                        | AXI4_LITE_I2C_PERIPH_i/axi4_lite_spi_master_0/inst/U_SPI/temp_tx_data_next_0                                                                                                                                           | AXI4_LITE_I2C_PERIPH_i/axi4_lite_spi_master_0/inst/axi_spi_v1_0_S00_AXI_inst/SR[0]                                                                         |                2 |              8 |         4.00 |
|  AXI4_LITE_I2C_PERIPH_i/clk_wiz_1/inst/clk_out1                        | AXI4_LITE_I2C_PERIPH_i/axi4_lite_spi_master_0/inst/U_SPI/temp_rx_data_next                                                                                                                                             | AXI4_LITE_I2C_PERIPH_i/axi4_lite_spi_master_0/inst/axi_spi_v1_0_S00_AXI_inst/SR[0]                                                                         |                2 |              8 |         4.00 |
|  AXI4_LITE_I2C_PERIPH_i/clk_wiz_1/inst/clk_out1                        | AXI4_LITE_I2C_PERIPH_i/axi4_lite_spi_master_0/inst/axi_spi_v1_0_S00_AXI_inst/slv_reg1[23]_i_1_n_0                                                                                                                      | AXI4_LITE_I2C_PERIPH_i/axi4_lite_spi_master_0/inst/axi_spi_v1_0_S00_AXI_inst/SR[0]                                                                         |                1 |              8 |         8.00 |
|  AXI4_LITE_I2C_PERIPH_i/clk_wiz_1/inst/clk_out1                        | AXI4_LITE_I2C_PERIPH_i/axi4_lite_spi_master_0/inst/axi_spi_v1_0_S00_AXI_inst/slv_reg1[7]_i_1_n_0                                                                                                                       | AXI4_LITE_I2C_PERIPH_i/axi4_lite_spi_master_0/inst/axi_spi_v1_0_S00_AXI_inst/SR[0]                                                                         |                3 |              8 |         2.67 |
|  AXI4_LITE_I2C_PERIPH_i/clk_wiz_1/inst/clk_out1                        | AXI4_LITE_I2C_PERIPH_i/axi4_lite_spi_master_0/inst/axi_spi_v1_0_S00_AXI_inst/slv_reg1[15]_i_1_n_0                                                                                                                      | AXI4_LITE_I2C_PERIPH_i/axi4_lite_spi_master_0/inst/axi_spi_v1_0_S00_AXI_inst/SR[0]                                                                         |                2 |              8 |         4.00 |
|  AXI4_LITE_I2C_PERIPH_i/clk_wiz_1/inst/clk_out1                        | AXI4_LITE_I2C_PERIPH_i/axi4_lite_spi_master_0/inst/axi_spi_v1_0_S00_AXI_inst/slv_reg1[31]_i_1_n_0                                                                                                                      | AXI4_LITE_I2C_PERIPH_i/axi4_lite_spi_master_0/inst/axi_spi_v1_0_S00_AXI_inst/SR[0]                                                                         |                2 |              8 |         4.00 |
|  AXI4_LITE_I2C_PERIPH_i/clk_wiz_1/inst/clk_out1                        | AXI4_LITE_I2C_PERIPH_i/axi4_lite_spi_master_0/inst/axi_spi_v1_0_S00_AXI_inst/p_1_in[8]                                                                                                                                 | AXI4_LITE_I2C_PERIPH_i/axi4_lite_spi_master_0/inst/axi_spi_v1_0_S00_AXI_inst/SR[0]                                                                         |                1 |              8 |         8.00 |
|  AXI4_LITE_I2C_PERIPH_i/clk_wiz_1/inst/clk_out1                        | AXI4_LITE_I2C_PERIPH_i/AXI4_LITE_I2C_PERIPH_0/inst/U_I2C_Master/clk_cnt_reg[8]_i_1_n_0                                                                                                                                 | AXI4_LITE_I2C_PERIPH_i/AXI4_LITE_I2C_PERIPH_0/inst/AXI4_LITE_I2C_PERIPH_v1_0_S00_AXI_inst/AR[0]                                                            |                6 |              9 |         1.50 |
|  AXI4_LITE_I2C_PERIPH_i/mdm_1/U0/No_Dbg_Reg_Access.BUFG_DRCK/Dbg_Clk_0 | AXI4_LITE_I2C_PERIPH_i/mdm_1/U0/MDM_Core_I1/JTAG_CONTROL_I/Use_BSCAN.FDC_I/Use_Serial_Unified_Completion.completion_block_reg                                                                                          |                                                                                                                                                            |                4 |             10 |         2.50 |
|  AXI4_LITE_I2C_PERIPH_i/clk_wiz_1/inst/clk_out1                        |                                                                                                                                                                                                                        | AXI4_LITE_I2C_PERIPH_i/axi_uartlite_0/U0/AXI_LITE_IPIF_I/I_SLAVE_ATTACHMENT/rst                                                                            |                4 |             10 |         2.50 |
|  AXI4_LITE_I2C_PERIPH_i/clk_wiz_1/inst/clk_out1                        |                                                                                                                                                                                                                        | AXI4_LITE_I2C_PERIPH_i/microblaze_0_axi_periph/xbar/inst/gen_sasd.crossbar_sasd_0/addr_arbiter_inst/SR[0]                                                  |                6 |             13 |         2.17 |
|  AXI4_LITE_I2C_PERIPH_i/clk_wiz_1/inst/clk_out1                        | AXI4_LITE_I2C_PERIPH_i/microblaze_0_axi_periph/xbar/inst/gen_sasd.crossbar_sasd_0/reg_slice_r/aa_rready                                                                                                                |                                                                                                                                                            |                3 |             15 |         5.00 |
|  AXI4_LITE_I2C_PERIPH_i/clk_wiz_1/inst/clk_out1                        |                                                                                                                                                                                                                        | AXI4_LITE_I2C_PERIPH_i/AXI4_LITE_I2C_PERIPH_0/inst/AXI4_LITE_I2C_PERIPH_v1_0_S00_AXI_inst/AR[0]                                                            |                7 |             15 |         2.14 |
|  AXI4_LITE_I2C_PERIPH_i/clk_wiz_1/inst/clk_out1                        |                                                                                                                                                                                                                        | AXI4_LITE_I2C_PERIPH_i/axi4_lite_spi_master_0/inst/axi_spi_v1_0_S00_AXI_inst/SR[0]                                                                         |                6 |             15 |         2.50 |
|  AXI4_LITE_I2C_PERIPH_i/clk_wiz_1/inst/clk_out1                        | AXI4_LITE_I2C_PERIPH_i/microblaze_0/U0/MicroBlaze_Core_I/Performance.Core/Decode_I/PreFetch_Buffer_I1/OF_Valid_DFF/E[0]                                                                                                | AXI4_LITE_I2C_PERIPH_i/microblaze_0/U0/MicroBlaze_Core_I/sync_reset                                                                                        |                5 |             16 |         3.20 |
|  AXI4_LITE_I2C_PERIPH_i/clk_wiz_1/inst/clk_out1                        | AXI4_LITE_I2C_PERIPH_i/microblaze_0/U0/MicroBlaze_Core_I/Performance.Core/Decode_I/mem_wait_on_ready_N_carry_or/MUXCY_I/lopt_1                                                                                         | AXI4_LITE_I2C_PERIPH_i/microblaze_0/U0/MicroBlaze_Core_I/sync_reset                                                                                        |                9 |             20 |         2.22 |
|  AXI4_LITE_I2C_PERIPH_i/clk_wiz_1/inst/clk_out1                        | AXI4_LITE_I2C_PERIPH_i/microblaze_0_axi_periph/xbar/inst/gen_sasd.crossbar_sasd_0/addr_arbiter_inst/p_0_in1_in                                                                                                         | AXI4_LITE_I2C_PERIPH_i/microblaze_0_axi_periph/xbar/inst/gen_sasd.crossbar_sasd_0/addr_arbiter_inst/SR[0]                                                  |                6 |             20 |         3.33 |
|  AXI4_LITE_I2C_PERIPH_i/clk_wiz_1/inst/clk_out1                        |                                                                                                                                                                                                                        | AXI4_LITE_I2C_PERIPH_i/axi_gpio_0/U0/AXI_LITE_IPIF_I/I_SLAVE_ATTACHMENT/SR[0]                                                                              |                5 |             20 |         4.00 |
|  AXI4_LITE_I2C_PERIPH_i/clk_wiz_1/inst/clk_out1                        | AXI4_LITE_I2C_PERIPH_i/AXI4_LITE_I2C_PERIPH_0/inst/U_I2C_Master/FSM_onehot_state[21]_i_1_n_0                                                                                                                           | AXI4_LITE_I2C_PERIPH_i/AXI4_LITE_I2C_PERIPH_0/inst/AXI4_LITE_I2C_PERIPH_v1_0_S00_AXI_inst/AR[0]                                                            |                5 |             22 |         4.40 |
|  AXI4_LITE_I2C_PERIPH_i/mdm_1/U0/No_Dbg_Reg_Access.BUFG_DRCK/Dbg_Clk_0 |                                                                                                                                                                                                                        | AXI4_LITE_I2C_PERIPH_i/mdm_1/U0/Use_E2.BSCAN_I/Use_E2.BSCANE2_I_0                                                                                          |                3 |             23 |         7.67 |
|  AXI4_LITE_I2C_PERIPH_i/clk_wiz_1/inst/clk_out1                        |                                                                                                                                                                                                                        | AXI4_LITE_I2C_PERIPH_i/axi_uartlite_0/U0/UARTLITE_CORE_I/UARTLITE_RX_I/ACTIVE_LOW_PR_OUT_DFF[0].FDRE_PER_N                                                 |                8 |             26 |         3.25 |
|  AXI4_LITE_I2C_PERIPH_i/clk_wiz_1/inst/clk_out1                        | AXI4_LITE_I2C_PERIPH_i/axi_uartlite_0/U0/UARTLITE_CORE_I/BAUD_RATE_I/en_16x_Baud                                                                                                                                       | AXI4_LITE_I2C_PERIPH_i/axi_uartlite_0/U0/UARTLITE_CORE_I/UARTLITE_RX_I/ACTIVE_LOW_PR_OUT_DFF[0].FDRE_PER_N                                                 |                7 |             28 |         4.00 |
|  AXI4_LITE_I2C_PERIPH_i/clk_wiz_1/inst/clk_out1                        | AXI4_LITE_I2C_PERIPH_i/microblaze_0/U0/MicroBlaze_Core_I/Performance.Core/Decode_I/Use_MuxCy[3].OF_Piperun_Stage/MUXCY_I/Using_FPGA.Native_0                                                                           | AXI4_LITE_I2C_PERIPH_i/microblaze_0/U0/MicroBlaze_Core_I/Performance.Core/Decode_I/R                                                                       |               12 |             32 |         2.67 |
|  AXI4_LITE_I2C_PERIPH_i/clk_wiz_1/inst/clk_out1                        | AXI4_LITE_I2C_PERIPH_i/microblaze_0/U0/MicroBlaze_Core_I/Performance.Core/Decode_I/Use_MuxCy[3].OF_Piperun_Stage/MUXCY_I/E[0]                                                                                          | AXI4_LITE_I2C_PERIPH_i/microblaze_0/U0/MicroBlaze_Core_I/sync_reset                                                                                        |                8 |             32 |         4.00 |
|  AXI4_LITE_I2C_PERIPH_i/clk_wiz_1/inst/clk_out1                        | AXI4_LITE_I2C_PERIPH_i/microblaze_0/U0/MicroBlaze_Core_I/Performance.Core/Decode_I/mem_wait_on_ready_N_carry_or/MUXCY_I/lopt_1                                                                                         |                                                                                                                                                            |                5 |             32 |         6.40 |
|  AXI4_LITE_I2C_PERIPH_i/clk_wiz_1/inst/clk_out1                        | AXI4_LITE_I2C_PERIPH_i/microblaze_0/U0/MicroBlaze_Core_I/Performance.Core/Decode_I/mem_wait_on_ready_N_carry_or/MUXCY_I/lopt_1                                                                                         | AXI4_LITE_I2C_PERIPH_i/microblaze_0/U0/MicroBlaze_Core_I/Performance.Core/Decode_I/SR[0]                                                                   |                9 |             32 |         3.56 |
|  AXI4_LITE_I2C_PERIPH_i/clk_wiz_1/inst/clk_out1                        | AXI4_LITE_I2C_PERIPH_i/axi4_lite_spi_master_0/inst/axi_spi_v1_0_S00_AXI_inst/slv_reg_rden__0                                                                                                                           | AXI4_LITE_I2C_PERIPH_i/axi4_lite_spi_master_0/inst/axi_spi_v1_0_S00_AXI_inst/SR[0]                                                                         |               14 |             32 |         2.29 |
|  AXI4_LITE_I2C_PERIPH_i/clk_wiz_1/inst/clk_out1                        | AXI4_LITE_I2C_PERIPH_i/microblaze_0_axi_periph/xbar/inst/gen_sasd.crossbar_sasd_0/addr_arbiter_inst/s_axi_rvalid[0]                                                                                                    | AXI4_LITE_I2C_PERIPH_i/microblaze_0/U0/MicroBlaze_Core_I/sync_reset                                                                                        |                8 |             32 |         4.00 |
|  AXI4_LITE_I2C_PERIPH_i/clk_wiz_1/inst/clk_out1                        |                                                                                                                                                                                                                        | AXI4_LITE_I2C_PERIPH_i/microblaze_0/U0/MicroBlaze_Core_I/Performance.Core/wb_dlmb_valid_read_data0                                                         |               16 |             32 |         2.00 |
|  AXI4_LITE_I2C_PERIPH_i/mdm_1/U0/No_Dbg_Reg_Access.BUFG_DRCK/Dbg_Clk_0 | AXI4_LITE_I2C_PERIPH_i/microblaze_0/U0/MicroBlaze_Core_I/Performance.Core/Use_Debug_Logic.Master_Core.Debug_Perf/New_Dbg_Instr_TCK                                                                                     |                                                                                                                                                            |                8 |             32 |         4.00 |
|  AXI4_LITE_I2C_PERIPH_i/clk_wiz_1/inst/clk_out1                        | AXI4_LITE_I2C_PERIPH_i/AXI4_LITE_I2C_PERIPH_0/inst/AXI4_LITE_I2C_PERIPH_v1_0_S00_AXI_inst/slv_reg_rden__0                                                                                                              | AXI4_LITE_I2C_PERIPH_i/AXI4_LITE_I2C_PERIPH_0/inst/AXI4_LITE_I2C_PERIPH_v1_0_S00_AXI_inst/AR[0]                                                            |               14 |             32 |         2.29 |
|  AXI4_LITE_I2C_PERIPH_i/clk_wiz_1/inst/clk_out1                        | AXI4_LITE_I2C_PERIPH_i/microblaze_0/U0/MicroBlaze_Core_I/Performance.Core/Decode_I/PreFetch_Buffer_I1/Gen_Mux_Select_LUT6[1].Gen_Sel_DFF/if_fetch_in_progress_reg[0]                                                   | AXI4_LITE_I2C_PERIPH_i/microblaze_0/U0/MicroBlaze_Core_I/sync_reset                                                                                        |                8 |             32 |         4.00 |
|  AXI4_LITE_I2C_PERIPH_i/clk_wiz_1/inst/clk_out1                        | AXI4_LITE_I2C_PERIPH_i/microblaze_0/U0/MicroBlaze_Core_I/Performance.Core/Use_Debug_Logic.Master_Core.Debug_Perf/data_rd_reg[0]_i_1_n_0                                                                                | AXI4_LITE_I2C_PERIPH_i/microblaze_0/U0/MicroBlaze_Core_I/sync_reset                                                                                        |                9 |             32 |         3.56 |
|  AXI4_LITE_I2C_PERIPH_i/clk_wiz_1/inst/clk_out1                        | AXI4_LITE_I2C_PERIPH_i/microblaze_0_axi_periph/xbar/inst/gen_sasd.crossbar_sasd_0/addr_arbiter_inst/E[0]                                                                                                               |                                                                                                                                                            |                9 |             33 |         3.67 |
|  AXI4_LITE_I2C_PERIPH_i/mdm_1/U0/No_Dbg_Reg_Access.BUFG_DRCK/Dbg_Clk_0 | AXI4_LITE_I2C_PERIPH_i/mdm_1/U0/Use_E2.BSCAN_I/Use_BSCAN.PORT_Selector_reg[0]                                                                                                                                          |                                                                                                                                                            |               14 |             47 |         3.36 |
|  AXI4_LITE_I2C_PERIPH_i/clk_wiz_1/inst/clk_out1                        | AXI4_LITE_I2C_PERIPH_i/microblaze_0/U0/MicroBlaze_Core_I/Performance.Core/Decode_I/PreFetch_Buffer_I1/Instruction_Prefetch_Mux[42].Instr_Mux_MUXF7/Performance_Debug_Control.dbg_freeze_nohalt_reg                     |                                                                                                                                                            |               11 |             75 |         6.82 |
|  AXI4_LITE_I2C_PERIPH_i/clk_wiz_1/inst/clk_out1                        | AXI4_LITE_I2C_PERIPH_i/microblaze_0/U0/MicroBlaze_Core_I/Performance.Core/Decode_I/Use_MuxCy[3].OF_Piperun_Stage/MUXCY_I/Using_FPGA.Native_0                                                                           | AXI4_LITE_I2C_PERIPH_i/microblaze_0/U0/MicroBlaze_Core_I/sync_reset                                                                                        |               27 |             80 |         2.96 |
|  AXI4_LITE_I2C_PERIPH_i/mdm_1/U0/No_Dbg_Reg_Access.BUFG_DRCK/Dbg_Clk_0 |                                                                                                                                                                                                                        |                                                                                                                                                            |               24 |             80 |         3.33 |
|  AXI4_LITE_I2C_PERIPH_i/clk_wiz_1/inst/clk_out1                        | AXI4_LITE_I2C_PERIPH_i/microblaze_0/U0/MicroBlaze_Core_I/Performance.Core/Decode_I/WB_GPR_Wr                                                                                                                           |                                                                                                                                                            |               16 |            128 |         8.00 |
|  AXI4_LITE_I2C_PERIPH_i/clk_wiz_1/inst/clk_out1                        |                                                                                                                                                                                                                        |                                                                                                                                                            |               49 |            142 |         2.90 |
|  AXI4_LITE_I2C_PERIPH_i/clk_wiz_1/inst/clk_out1                        |                                                                                                                                                                                                                        | AXI4_LITE_I2C_PERIPH_i/microblaze_0/U0/MicroBlaze_Core_I/sync_reset                                                                                        |               69 |            150 |         2.17 |
|  AXI4_LITE_I2C_PERIPH_i/clk_wiz_1/inst/clk_out1                        | AXI4_LITE_I2C_PERIPH_i/microblaze_0/U0/MicroBlaze_Core_I/Performance.Core/Decode_I/Use_MuxCy[11].OF_Piperun_Stage/MUXCY_I/Using_FPGA.Native_0                                                                          | AXI4_LITE_I2C_PERIPH_i/microblaze_0/U0/MicroBlaze_Core_I/sync_reset                                                                                        |               74 |            218 |         2.95 |
+------------------------------------------------------------------------+------------------------------------------------------------------------------------------------------------------------------------------------------------------------------------------------------------------------+------------------------------------------------------------------------------------------------------------------------------------------------------------+------------------+----------------+--------------+


